g++ -pthread -std=c++20 -m64 -I/cvmfs/sft.cern.ch/lcg/releases/LCG_108_ATLAS_2/ROOT/6.36.02/x86_64-el9-gcc14-opt/include -L/cvmfs/sft.cern.ch/lcg/releases/LCG_108_ATLAS_2/ROOT/6.36.02/x86_64-el9-gcc14-opt/lib -lCore -lImt -lRIO -lNet -lHist -lGraf -lGraf3d -lGpad -lROOTVecOps -lTree -lTreePlayer -lRint -lPostscript -lMatrix -lPhysics -lMathCore -lThread -lROOTNTuple -lMultiProc -lROOTDataFrame -lROOTNTupleUtil -Wl,-rpath,/cvmfs/sft.cern.ch/lcg/releases/LCG_108_ATLAS_2/ROOT/6.36.02/x86_64-el9-gcc14-opt/lib -pthread -lm -ldl -rdynamic
In file included from ./data_hist/dataHist.C:2:
./data_hist/dataHist.h: In member function 'virtual Int_t dataHist::Cut(Long64_t)':
./data_hist/dataHist.h:377:30: warning: unused parameter 'entry' [-Wunused-parameter]
  377 | Int_t dataHist::Cut(Long64_t entry)
      |                     ~~~~~~~~~^~~~~
./data_hist/dataHist.C: In member function 'virtual void dataHist::Loop()':
./data_hist/dataHist.C:122:10: warning: unused variable 'h2_jet_pt_eta' [-Wunused-variable]
  122 |    TH2D* h2_jet_pt_eta = new TH2D("", "", Nbins, -5, 5, Nbins, bins);
      |          ^~~~~~~~~~~~~
In file included from ./mc_hist/mcHist.C:2:
./mc_hist/mcHist.h: In member function 'virtual Int_t mcHist::Cut(Long64_t)':
./mc_hist/mcHist.h:468:28: warning: unused parameter 'entry' [-Wunused-parameter]
  468 | Int_t mcHist::Cut(Long64_t entry)
      |                   ~~~~~~~~~^~~~~
./mc_hist/mcHist.C: In member function 'virtual void mcHist::Loop()':
./mc_hist/mcHist.C:122:10: warning: unused variable 'h2_jet_pt_eta' [-Wunused-variable]
  122 |    TH2D* h2_jet_pt_eta = new TH2D("", "", Nbins, -5, 5, Nbins, bins);
      |          ^~~~~~~~~~~~~
In file included from ./ApplyWeights.C:2:
./ApplyWeights.h: In member function 'virtual Int_t ApplyWeights::Cut(Long64_t)':
./ApplyWeights.h:377:34: warning: unused parameter 'entry' [-Wunused-parameter]
  377 | Int_t ApplyWeights::Cut(Long64_t entry)
      |                         ~~~~~~~~~^~~~~
my chain = Error in <TChain::LoadTree>: Cannot find tree with name ClusterTree in file /data/jmsardain/CalibPU/user.cdelitzs.00339435.physics_Main.Ntuples_June15_v0_mltree_cluster_calo.root/user.cdelitzs.45207441._000219.mltree_cluster_calo.root
Error in <TChain::LoadTree>: Cannot find tree with name ClusterTree in file /data/jmsardain/CalibPU/user.cdelitzs.00339435.physics_Main.Ntuples_June15_v0_mltree_cluster_calo.root/user.cdelitzs.45207441._000225.mltree_cluster_calo.root
Error in <TChain::LoadTree>: Cannot find tree with name ClusterTree in file /data/jmsardain/CalibPU/user.cdelitzs.00339435.physics_Main.Ntuples_June15_v0_mltree_cluster_calo.root/user.cdelitzs.45207441._000226.mltree_cluster_calo.root
Error in <TChain::LoadTree>: Cannot find tree with name ClusterTree in file /data/jmsardain/CalibPU/user.cdelitzs.00339435.physics_Main.Ntuples_June15_v0_mltree_cluster_calo.root/user.cdelitzs.45207441._000228.mltree_cluster_calo.root
Error in <TChain::LoadTree>: Cannot find tree with name ClusterTree in file /data/jmsardain/CalibPU/user.cdelitzs.00339435.physics_Main.Ntuples_June15_v0_mltree_cluster_calo.root/user.cdelitzs.45207441._000232.mltree_cluster_calo.root
Error in <TChain::LoadTree>: Cannot find tree with name ClusterTree in file /data/jmsardain/CalibPU/user.cdelitzs.00339435.physics_Main.Ntuples_June15_v0_mltree_cluster_calo.root/user.cdelitzs.45207441._000239.mltree_cluster_calo.root
Error in <TChain::LoadTree>: Cannot find tree with name ClusterTree in file /data/jmsardain/CalibPU/user.cdelitzs.00339435.physics_Main.Ntuples_June15_v0_mltree_cluster_calo.root/user.cdelitzs.45207441._000243.mltree_cluster_calo.root
Error in <TChain::LoadTree>: Cannot find tree with name ClusterTree in file /data/jmsardain/CalibPU/user.cdelitzs.00339435.physics_Main.Ntuples_June15_v0_mltree_cluster_calo.root/user.cdelitzs.45207441._000244.mltree_cluster_calo.root
Error in <TChain::LoadTree>: Cannot find tree with name ClusterTree in file /data/jmsardain/CalibPU/user.cdelitzs.00339435.physics_Main.Ntuples_June15_v0_mltree_cluster_calo.root/user.cdelitzs.45207441._000245.mltree_cluster_calo.root
Error in <TChain::LoadTree>: Cannot find tree with name ClusterTree in file /data/jmsardain/CalibPU/user.cdelitzs.00339435.physics_Main.Ntuples_June15_v0_mltree_cluster_calo.root/user.cdelitzs.45207441._000247.mltree_cluster_calo.root
Error in <TChain::LoadTree>: Cannot find tree with name ClusterTree in file /data/jmsardain/CalibPU/user.cdelitzs.00339435.physics_Main.Ntuples_June15_v0_mltree_cluster_calo.root/user.cdelitzs.45207441._000248.mltree_cluster_calo.root
Error in <TChain::LoadTree>: Cannot find tree with name ClusterTree in file /data/jmsardain/CalibPU/user.cdelitzs.00339435.physics_Main.Ntuples_June15_v0_mltree_cluster_calo.root/user.cdelitzs.45207441._000252.mltree_cluster_calo.root
Error in <TChain::LoadTree>: Cannot find tree with name ClusterTree in file /data/jmsardain/CalibPU/user.cdelitzs.00339435.physics_Main.Ntuples_June15_v0_mltree_cluster_calo.root/user.cdelitzs.45207441._000254.mltree_cluster_calo.root
Error in <TChain::LoadTree>: Cannot find tree with name ClusterTree in file /data/jmsardain/CalibPU/user.cdelitzs.00339435.physics_Main.Ntuples_June15_v0_mltree_cluster_calo.root/user.cdelitzs.45207441._000255.mltree_cluster_calo.root
Error in <TChain::LoadTree>: Cannot find tree with name ClusterTree in file /data/jmsardain/CalibPU/user.cdelitzs.00339435.physics_Main.Ntuples_June15_v0_mltree_cluster_calo.root/user.cdelitzs.45207441._000260.mltree_cluster_calo.root
Error in <TChain::LoadTree>: Cannot find tree with name ClusterTree in file /data/jmsardain/CalibPU/user.cdelitzs.00339435.physics_Main.Ntuples_June15_v0_mltree_cluster_calo.root/user.cdelitzs.45207441._000287.mltree_cluster_calo.root
Error in <TChain::LoadTree>: Cannot find tree with name ClusterTree in file /data/jmsardain/CalibPU/user.cdelitzs.00339435.physics_Main.Ntuples_June15_v0_mltree_cluster_calo.root/user.cdelitzs.45207441._000291.mltree_cluster_calo.root
Error in <TChain::LoadTree>: Cannot find tree with name ClusterTree in file /data/jmsardain/CalibPU/user.cdelitzs.00339435.physics_Main.Ntuples_June15_v0_mltree_cluster_calo.root/user.cdelitzs.45207441._000297.mltree_cluster_calo.root
Error in <TChain::LoadTree>: Cannot find tree with name ClusterTree in file /data/jmsardain/CalibPU/user.cdelitzs.00339435.physics_Main.Ntuples_June15_v0_mltree_cluster_calo.root/user.cdelitzs.45207441._000323.mltree_cluster_calo.root
Error in <TChain::LoadTree>: Cannot find tree with name ClusterTree in file /data/jmsardain/CalibPU/user.cdelitzs.00339435.physics_Main.Ntuples_June15_v0_mltree_cluster_calo.root/user.cdelitzs.45207441._000327.mltree_cluster_calo.root
Error in <TChain::LoadTree>: Cannot find tree with name ClusterTree in file /data/jmsardain/CalibPU/user.cdelitzs.00339435.physics_Main.Ntuples_June15_v0_mltree_cluster_calo.root/user.cdelitzs.45207441._000339.mltree_cluster_calo.root
Error in <TChain::LoadTree>: Cannot find tree with name ClusterTree in file /data/jmsardain/CalibPU/user.cdelitzs.00339435.physics_Main.Ntuples_June15_v0_mltree_cluster_calo.root/user.cdelitzs.45207441._000355.mltree_cluster_calo.root
Error in <TChain::LoadTree>: Cannot find tree with name ClusterTree in file /data/jmsardain/CalibPU/user.cdelitzs.00339435.physics_Main.Ntuples_June15_v0_mltree_cluster_calo.root/user.cdelitzs.45207441._000369.mltree_cluster_calo.root
Error in <TChain::LoadTree>: Cannot find tree with name ClusterTree in file /data/jmsardain/CalibPU/user.cdelitzs.00339435.physics_Main.Ntuples_June15_v0_mltree_cluster_calo.root/user.cdelitzs.45207441._000371.mltree_cluster_calo.root
Error in <TChain::LoadTree>: Cannot find tree with name ClusterTree in file /data/jmsardain/CalibPU/user.cdelitzs.00339435.physics_Main.Ntuples_June15_v0_mltree_cluster_calo.root/user.cdelitzs.45207441._000385.mltree_cluster_calo.root
Error in <TChain::LoadTree>: Cannot find tree with name ClusterTree in file /data/jmsardain/CalibPU/user.cdelitzs.00339435.physics_Main.Ntuples_June15_v0_mltree_cluster_calo.root/user.cdelitzs.45207441._000386.mltree_cluster_calo.root
Error in <TChain::LoadTree>: Cannot find tree with name ClusterTree in file /data/jmsardain/CalibPU/user.cdelitzs.00339435.physics_Main.Ntuples_June15_v0_mltree_cluster_calo.root/user.cdelitzs.45207441._000387.mltree_cluster_calo.root
Error in <TChain::LoadTree>: Cannot find tree with name ClusterTree in file /data/jmsardain/CalibPU/user.cdelitzs.00339435.physics_Main.Ntuples_June15_v0_mltree_cluster_calo.root/user.cdelitzs.45207441._000389.mltree_cluster_calo.root
Error in <TChain::LoadTree>: Cannot find tree with name ClusterTree in file /data/jmsardain/CalibPU/user.cdelitzs.00339435.physics_Main.Ntuples_June15_v0_mltree_cluster_calo.root/user.cdelitzs.45207441._000390.mltree_cluster_calo.root
Error in <TChain::LoadTree>: Cannot find tree with name ClusterTree in file /data/jmsardain/CalibPU/user.cdelitzs.00339435.physics_Main.Ntuples_June15_v0_mltree_cluster_calo.root/user.cdelitzs.45207441._000392.mltree_cluster_calo.root
Error in <TChain::LoadTree>: Cannot find tree with name ClusterTree in file /data/jmsardain/CalibPU/user.cdelitzs.00339435.physics_Main.Ntuples_June15_v0_mltree_cluster_calo.root/user.cdelitzs.45207441._000393.mltree_cluster_calo.root
Error in <TChain::LoadTree>: Cannot find tree with name ClusterTree in file /data/jmsardain/CalibPU/user.cdelitzs.00339435.physics_Main.Ntuples_June15_v0_mltree_cluster_calo.root/user.cdelitzs.45207441._000396.mltree_cluster_calo.root
Error in <TChain::LoadTree>: Cannot find tree with name ClusterTree in file /data/jmsardain/CalibPU/user.cdelitzs.00339435.physics_Main.Ntuples_June15_v0_mltree_cluster_calo.root/user.cdelitzs.45207441._000397.mltree_cluster_calo.root
Error in <TChain::LoadTree>: Cannot find tree with name ClusterTree in file /data/jmsardain/CalibPU/user.cdelitzs.00339435.physics_Main.Ntuples_June15_v0_mltree_cluster_calo.root/user.cdelitzs.45207441._000400.mltree_cluster_calo.root
Error in <TChain::LoadTree>: Cannot find tree with name ClusterTree in file /data/jmsardain/CalibPU/user.cdelitzs.00339435.physics_Main.Ntuples_June15_v0_mltree_cluster_calo.root/user.cdelitzs.45207441._000401.mltree_cluster_calo.root
Error in <TChain::LoadTree>: Cannot find tree with name ClusterTree in file /data/jmsardain/CalibPU/user.cdelitzs.00339435.physics_Main.Ntuples_June15_v0_mltree_cluster_calo.root/user.cdelitzs.45207441._000402.mltree_cluster_calo.root
Error in <TChain::LoadTree>: Cannot find tree with name ClusterTree in file /data/jmsardain/CalibPU/user.cdelitzs.00339435.physics_Main.Ntuples_June15_v0_mltree_cluster_calo.root/user.cdelitzs.45207441._000403.mltree_cluster_calo.root
Error in <TChain::LoadTree>: Cannot find tree with name ClusterTree in file /data/jmsardain/CalibPU/user.cdelitzs.00339435.physics_Main.Ntuples_June15_v0_mltree_cluster_calo.root/user.cdelitzs.45207441._000404.mltree_cluster_calo.root
Error in <TChain::LoadTree>: Cannot find tree with name ClusterTree in file /data/jmsardain/CalibPU/user.cdelitzs.00339435.physics_Main.Ntuples_June15_v0_mltree_cluster_calo.root/user.cdelitzs.45207441._000406.mltree_cluster_calo.root
Error in <TChain::LoadTree>: Cannot find tree with name ClusterTree in file /data/jmsardain/CalibPU/user.cdelitzs.00339435.physics_Main.Ntuples_June15_v0_mltree_cluster_calo.root/user.cdelitzs.45207441._000411.mltree_cluster_calo.root
Error in <TChain::LoadTree>: Cannot find tree with name ClusterTree in file /data/jmsardain/CalibPU/user.cdelitzs.00339435.physics_Main.Ntuples_June15_v0_mltree_cluster_calo.root/user.cdelitzs.45207441._000412.mltree_cluster_calo.root
Error in <TChain::LoadTree>: Cannot find tree with name ClusterTree in file /data/jmsardain/CalibPU/user.cdelitzs.00339435.physics_Main.Ntuples_June15_v0_mltree_cluster_calo.root/user.cdelitzs.45207441._000414.mltree_cluster_calo.root
Error in <TChain::LoadTree>: Cannot find tree with name ClusterTree in file /data/jmsardain/CalibPU/user.cdelitzs.00339435.physics_Main.Ntuples_June15_v0_mltree_cluster_calo.root/user.cdelitzs.45207441._000416.mltree_cluster_calo.root
Error in <TChain::LoadTree>: Cannot find tree with name ClusterTree in file /data/jmsardain/CalibPU/user.cdelitzs.00339435.physics_Main.Ntuples_June15_v0_mltree_cluster_calo.root/user.cdelitzs.45207441._000418.mltree_cluster_calo.root
Error in <TChain::LoadTree>: Cannot find tree with name ClusterTree in file /data/jmsardain/CalibPU/user.cdelitzs.00339435.physics_Main.Ntuples_June15_v0_mltree_cluster_calo.root/user.cdelitzs.45207441._000419.mltree_cluster_calo.root
Error in <TChain::LoadTree>: Cannot find tree with name ClusterTree in file /data/jmsardain/CalibPU/user.cdelitzs.00339435.physics_Main.Ntuples_June15_v0_mltree_cluster_calo.root/user.cdelitzs.45207441._000420.mltree_cluster_calo.root
984530659
